
> website-konveksi@0.1.0 build
> next build

   ▲ Next.js 14.1.0

   Creating an optimized production build ...
 ✓ Compiled successfully
   Linting and checking validity of types ...
   Collecting page data ...
   Generating static pages (0/5) ...
   Generating static pages (1/5) 
   Generating static pages (2/5) 
   Generating static pages (3/5) 
Error: `Tooltip` must be used within `TooltipProvider`
    at D:\SKRIPSI\project\website-konveksi\.next\server\chunks\776.js:1:88460
    at te (D:\SKRIPSI\project\website-konveksi\.next\server\chunks\776.js:5:33815)
    at nM (D:\SKRIPSI\project\website-konveksi\node_modules\next\dist\compiled\next-server\app-page.runtime.prod.js:12:47419)
    at nN (D:\SKRIPSI\project\website-konveksi\node_modules\next\dist\compiled\next-server\app-page.runtime.prod.js:12:64674)
    at nI (D:\SKRIPSI\project\website-konveksi\node_modules\next\dist\compiled\next-server\app-page.runtime.prod.js:12:46806)
    at nM (D:\SKRIPSI\project\website-konveksi\node_modules\next\dist\compiled\next-server\app-page.runtime.prod.js:12:47570)
    at nN (D:\SKRIPSI\project\website-konveksi\node_modules\next\dist\compiled\next-server\app-page.runtime.prod.js:12:64674)
    at nI (D:\SKRIPSI\project\website-konveksi\node_modules\next\dist\compiled\next-server\app-page.runtime.prod.js:12:46806)
    at nM (D:\SKRIPSI\project\website-konveksi\node_modules\next\dist\compiled\next-server\app-page.runtime.prod.js:12:47570)
    at nM (D:\SKRIPSI\project\website-konveksi\node_modules\next\dist\compiled\next-server\app-page.runtime.prod.js:12:61663)
Error: `Tooltip` must be used within `TooltipProvider`
    at D:\SKRIPSI\project\website-konveksi\.next\server\chunks\776.js:1:88460
    at te (D:\SKRIPSI\project\website-konveksi\.next\server\chunks\776.js:5:33815)
    at nM (D:\SKRIPSI\project\website-konveksi\node_modules\next\dist\compiled\next-server\app-page.runtime.prod.js:12:47419)
    at nN (D:\SKRIPSI\project\website-konveksi\node_modules\next\dist\compiled\next-server\app-page.runtime.prod.js:12:64674)
    at nI (D:\SKRIPSI\project\website-konveksi\node_modules\next\dist\compiled\next-server\app-page.runtime.prod.js:12:46806)
    at nM (D:\SKRIPSI\project\website-konveksi\node_modules\next\dist\compiled\next-server\app-page.runtime.prod.js:12:47570)
    at nN (D:\SKRIPSI\project\website-konveksi\node_modules\next\dist\compiled\next-server\app-page.runtime.prod.js:12:64674)
    at nI (D:\SKRIPSI\project\website-konveksi\node_modules\next\dist\compiled\next-server\app-page.runtime.prod.js:12:46806)
    at nM (D:\SKRIPSI\project\website-konveksi\node_modules\next\dist\compiled\next-server\app-page.runtime.prod.js:12:47570)
    at nM (D:\SKRIPSI\project\website-konveksi\node_modules\next\dist\compiled\next-server\app-page.runtime.prod.js:12:61663)

Error occurred prerendering page "/_not-found". Read more: https://nextjs.org/docs/messages/prerender-error

Error: `Tooltip` must be used within `TooltipProvider`
    at D:\SKRIPSI\project\website-konveksi\.next\server\chunks\776.js:1:88460
    at te (D:\SKRIPSI\project\website-konveksi\.next\server\chunks\776.js:5:33815)
    at nM (D:\SKRIPSI\project\website-konveksi\node_modules\next\dist\compiled\next-server\app-page.runtime.prod.js:12:47419)
    at nN (D:\SKRIPSI\project\website-konveksi\node_modules\next\dist\compiled\next-server\app-page.runtime.prod.js:12:64674)
    at nI (D:\SKRIPSI\project\website-konveksi\node_modules\next\dist\compiled\next-server\app-page.runtime.prod.js:12:46806)
    at nM (D:\SKRIPSI\project\website-konveksi\node_modules\next\dist\compiled\next-server\app-page.runtime.prod.js:12:47570)
    at nN (D:\SKRIPSI\project\website-konveksi\node_modules\next\dist\compiled\next-server\app-page.runtime.prod.js:12:64674)
    at nI (D:\SKRIPSI\project\website-konveksi\node_modules\next\dist\compiled\next-server\app-page.runtime.prod.js:12:46806)
    at nM (D:\SKRIPSI\project\website-konveksi\node_modules\next\dist\compiled\next-server\app-page.runtime.prod.js:12:47570)
    at nM (D:\SKRIPSI\project\website-konveksi\node_modules\next\dist\compiled\next-server\app-page.runtime.prod.js:12:61663)

Error occurred prerendering page "/". Read more: https://nextjs.org/docs/messages/prerender-error

Error: `Tooltip` must be used within `TooltipProvider`
    at D:\SKRIPSI\project\website-konveksi\.next\server\chunks\776.js:1:88460
    at te (D:\SKRIPSI\project\website-konveksi\.next\server\chunks\776.js:5:33815)
    at nM (D:\SKRIPSI\project\website-konveksi\node_modules\next\dist\compiled\next-server\app-page.runtime.prod.js:12:47419)
    at nN (D:\SKRIPSI\project\website-konveksi\node_modules\next\dist\compiled\next-server\app-page.runtime.prod.js:12:64674)
    at nI (D:\SKRIPSI\project\website-konveksi\node_modules\next\dist\compiled\next-server\app-page.runtime.prod.js:12:46806)
    at nM (D:\SKRIPSI\project\website-konveksi\node_modules\next\dist\compiled\next-server\app-page.runtime.prod.js:12:47570)
    at nN (D:\SKRIPSI\project\website-konveksi\node_modules\next\dist\compiled\next-server\app-page.runtime.prod.js:12:64674)
    at nI (D:\SKRIPSI\project\website-konveksi\node_modules\next\dist\compiled\next-server\app-page.runtime.prod.js:12:46806)
    at nM (D:\SKRIPSI\project\website-konveksi\node_modules\next\dist\compiled\next-server\app-page.runtime.prod.js:12:47570)
    at nM (D:\SKRIPSI\project\website-konveksi\node_modules\next\dist\compiled\next-server\app-page.runtime.prod.js:12:61663)
 ✓ Generating static pages (5/5) 

> Export encountered errors on following paths:
	/_not-found
	/page: /
